###############################################################################
#
# IAR ELF Linker V8.40.1.212/W32 for ARM                  11/Dec/2019  23:56:14
# Copyright 2007-2019 IAR Systems AB.
#
#    Output file  =
#        C:\Users\nicef\OneDrive\Documents\Personal\Schools\Niceforo\UW
#        Certificate in Embedded\EMBSYS 100 B\M09\A08\LED PWM\LED PWM
#        Example\EWARM\LED PWM Example\Exe\LED PWM Example.out
#    Map file     =
#        C:\Users\nicef\OneDrive\Documents\Personal\Schools\Niceforo\UW
#        Certificate in Embedded\EMBSYS 100 B\M09\A08\LED PWM\LED PWM
#        Example\EWARM\LED PWM Example\List\LED PWM Example.map
#    Command line =
#        -f C:\Users\nicef\AppData\Local\Temp\EW8A2C.tmp
#        ("C:\Users\nicef\OneDrive\Documents\Personal\Schools\Niceforo\UW
#        Certificate in Embedded\EMBSYS 100 B\M09\A08\LED PWM\LED PWM
#        Example\EWARM\LED PWM Example\Obj\main.o"
#        "C:\Users\nicef\OneDrive\Documents\Personal\Schools\Niceforo\UW
#        Certificate in Embedded\EMBSYS 100 B\M09\A08\LED PWM\LED PWM
#        Example\EWARM\LED PWM Example\Obj\startup_stm32f401xe.o"
#        "C:\Users\nicef\OneDrive\Documents\Personal\Schools\Niceforo\UW
#        Certificate in Embedded\EMBSYS 100 B\M09\A08\LED PWM\LED PWM
#        Example\EWARM\LED PWM Example\Obj\stm32f4xx_hal.o"
#        "C:\Users\nicef\OneDrive\Documents\Personal\Schools\Niceforo\UW
#        Certificate in Embedded\EMBSYS 100 B\M09\A08\LED PWM\LED PWM
#        Example\EWARM\LED PWM Example\Obj\stm32f4xx_hal_cortex.o"
#        "C:\Users\nicef\OneDrive\Documents\Personal\Schools\Niceforo\UW
#        Certificate in Embedded\EMBSYS 100 B\M09\A08\LED PWM\LED PWM
#        Example\EWARM\LED PWM Example\Obj\stm32f4xx_hal_dma.o"
#        "C:\Users\nicef\OneDrive\Documents\Personal\Schools\Niceforo\UW
#        Certificate in Embedded\EMBSYS 100 B\M09\A08\LED PWM\LED PWM
#        Example\EWARM\LED PWM Example\Obj\stm32f4xx_hal_dma_ex.o"
#        "C:\Users\nicef\OneDrive\Documents\Personal\Schools\Niceforo\UW
#        Certificate in Embedded\EMBSYS 100 B\M09\A08\LED PWM\LED PWM
#        Example\EWARM\LED PWM Example\Obj\stm32f4xx_hal_flash.o"
#        "C:\Users\nicef\OneDrive\Documents\Personal\Schools\Niceforo\UW
#        Certificate in Embedded\EMBSYS 100 B\M09\A08\LED PWM\LED PWM
#        Example\EWARM\LED PWM Example\Obj\stm32f4xx_hal_flash_ex.o"
#        "C:\Users\nicef\OneDrive\Documents\Personal\Schools\Niceforo\UW
#        Certificate in Embedded\EMBSYS 100 B\M09\A08\LED PWM\LED PWM
#        Example\EWARM\LED PWM Example\Obj\stm32f4xx_hal_flash_ramfunc.o"
#        "C:\Users\nicef\OneDrive\Documents\Personal\Schools\Niceforo\UW
#        Certificate in Embedded\EMBSYS 100 B\M09\A08\LED PWM\LED PWM
#        Example\EWARM\LED PWM Example\Obj\stm32f4xx_hal_gpio.o"
#        "C:\Users\nicef\OneDrive\Documents\Personal\Schools\Niceforo\UW
#        Certificate in Embedded\EMBSYS 100 B\M09\A08\LED PWM\LED PWM
#        Example\EWARM\LED PWM Example\Obj\stm32f4xx_hal_msp.o"
#        "C:\Users\nicef\OneDrive\Documents\Personal\Schools\Niceforo\UW
#        Certificate in Embedded\EMBSYS 100 B\M09\A08\LED PWM\LED PWM
#        Example\EWARM\LED PWM Example\Obj\stm32f4xx_hal_pwr.o"
#        "C:\Users\nicef\OneDrive\Documents\Personal\Schools\Niceforo\UW
#        Certificate in Embedded\EMBSYS 100 B\M09\A08\LED PWM\LED PWM
#        Example\EWARM\LED PWM Example\Obj\stm32f4xx_hal_pwr_ex.o"
#        "C:\Users\nicef\OneDrive\Documents\Personal\Schools\Niceforo\UW
#        Certificate in Embedded\EMBSYS 100 B\M09\A08\LED PWM\LED PWM
#        Example\EWARM\LED PWM Example\Obj\stm32f4xx_hal_rcc.o"
#        "C:\Users\nicef\OneDrive\Documents\Personal\Schools\Niceforo\UW
#        Certificate in Embedded\EMBSYS 100 B\M09\A08\LED PWM\LED PWM
#        Example\EWARM\LED PWM Example\Obj\stm32f4xx_hal_rcc_ex.o"
#        "C:\Users\nicef\OneDrive\Documents\Personal\Schools\Niceforo\UW
#        Certificate in Embedded\EMBSYS 100 B\M09\A08\LED PWM\LED PWM
#        Example\EWARM\LED PWM Example\Obj\stm32f4xx_hal_tim.o"
#        "C:\Users\nicef\OneDrive\Documents\Personal\Schools\Niceforo\UW
#        Certificate in Embedded\EMBSYS 100 B\M09\A08\LED PWM\LED PWM
#        Example\EWARM\LED PWM Example\Obj\stm32f4xx_hal_tim_ex.o"
#        "C:\Users\nicef\OneDrive\Documents\Personal\Schools\Niceforo\UW
#        Certificate in Embedded\EMBSYS 100 B\M09\A08\LED PWM\LED PWM
#        Example\EWARM\LED PWM Example\Obj\stm32f4xx_it.o"
#        "C:\Users\nicef\OneDrive\Documents\Personal\Schools\Niceforo\UW
#        Certificate in Embedded\EMBSYS 100 B\M09\A08\LED PWM\LED PWM
#        Example\EWARM\LED PWM Example\Obj\system_stm32f4xx.o" --redirect
#        _Printf=_PrintfFull --redirect _Scanf=_ScanfFull --no_out_extension -o
#        "C:\Users\nicef\OneDrive\Documents\Personal\Schools\Niceforo\UW
#        Certificate in Embedded\EMBSYS 100 B\M09\A08\LED PWM\LED PWM
#        Example\EWARM\LED PWM Example\Exe\LED PWM Example.out" --map
#        "C:\Users\nicef\OneDrive\Documents\Personal\Schools\Niceforo\UW
#        Certificate in Embedded\EMBSYS 100 B\M09\A08\LED PWM\LED PWM
#        Example\EWARM\LED PWM Example\List\LED PWM Example.map" --config
#        "C:\Users\nicef\OneDrive\Documents\Personal\Schools\Niceforo\UW
#        Certificate in Embedded\EMBSYS 100 B\M09\A08\LED PWM\LED PWM
#        Example\EWARM/stm32f401xe_flash.icf" --semihosting --entry
#        __iar_program_start --vfe --text_out locale)
#
###############################################################################

*******************************************************************************
*** RUNTIME MODEL ATTRIBUTES
***

CppFlavor       = *
__SystemLibrary = DLib
__dlib_version  = 6


*******************************************************************************
*** HEAP SELECTION
***

The basic heap was selected because some modules are built with
size limitations (and not runtime checking), and --advanced_heap
was not specified.


*******************************************************************************
*** PLACEMENT SUMMARY
***

"A0":  place at address 0x800'0000 { ro section .intvec };
"P1":  place in [from 0x800'0000 to 0x807'ffff] { ro };
define block CSTACK with size = 1K, alignment = 8 { };
define block HEAP with size = 512, alignment = 8 { };
"P2":  place in [from 0x2000'0000 to 0x2001'7fff] {
          rw, block CSTACK, block HEAP };
initialize by copy { rw };

  Section            Kind         Address    Size  Object
  -------            ----         -------    ----  ------
"A0":                                       0x194
  .intvec            ro code   0x800'0000   0x194  startup_stm32f401xe.o [1]
                             - 0x800'0194   0x194

"P1":                                      0x1125
  .text              ro code   0x800'0194   0x392  stm32f4xx_hal_tim.o [1]
  .text              ro code   0x800'0528    0xe8  stm32f4xx_hal_msp.o [1]
  .text              ro code   0x800'0610    0xca  stm32f4xx_hal_cortex.o [1]
  .text              ro code   0x800'06dc   0x1b4  stm32f4xx_hal_gpio.o [1]
  .text              ro code   0x800'0890   0x2d0  stm32f4xx_hal_rcc.o [1]
  .text              ro code   0x800'0b60     0xc  stm32f4xx_hal.o [1]
  .text              ro code   0x800'0b6c   0x180  stm32f4xx_hal_rcc.o [1]
  .text              ro code   0x800'0cec    0x40  stm32f4xx_hal.o [1]
  .text              ro code   0x800'0d2c   0x106  I64DivMod_small.o [4]
  .text              ro code   0x800'0e34     0x2  I64DivZer.o [4]
  .text              ro code   0x800'0e38   0x164  main.o [1]
  .text              ro code   0x800'0f9c    0x34  stm32f4xx_hal.o [1]
  .text              ro code   0x800'0fd0    0x4a  stm32f4xx_hal_tim_ex.o [1]
  .text              ro code   0x800'101c    0x28  stm32f4xx_hal.o [1]
  .text              ro code   0x800'1044    0x60  system_stm32f4xx.o [1]
  .text              ro code   0x800'10a4    0x38  packbits_init_single.o [4]
  .text              ro code   0x800'10dc    0x28  data_init.o [4]
  .text              ro code   0x800'1104    0x22  fpinit_M.o [3]
  .iar.init_table    const     0x800'1128    0x10  - Linker created -
  .text              ro code   0x800'1138    0x1e  stm32f4xx_it.o [1]
  .text              ro code   0x800'1158    0x10  stm32f4xx_hal.o [1]
  .text              ro code   0x800'1168    0x1e  cmain.o [4]
  .text              ro code   0x800'1186     0x4  low_level_init.o [2]
  .text              ro code   0x800'118a     0x4  exit.o [2]
  .text              ro code   0x800'1190     0xa  cexit.o [4]
  .text              ro code   0x800'119c    0x14  exit.o [5]
  .text              ro code   0x800'11b0    0x10  startup_stm32f401xe.o [1]
  .text              ro code   0x800'11c0     0xc  cstartup_M.o [4]
  .text              ro code   0x800'11cc     0x4  startup_stm32f401xe.o [1]
  .text              ro code   0x800'11d0     0x4  startup_stm32f401xe.o [1]
  .text              ro code   0x800'11d4     0x4  startup_stm32f401xe.o [1]
  .text              ro code   0x800'11d8     0x4  startup_stm32f401xe.o [1]
  .text              ro code   0x800'11dc     0x4  startup_stm32f401xe.o [1]
  .text              ro code   0x800'11e0     0x4  startup_stm32f401xe.o [1]
  .text              ro code   0x800'11e4     0x4  startup_stm32f401xe.o [1]
  .text              ro code   0x800'11e8     0x4  startup_stm32f401xe.o [1]
  .text              ro code   0x800'11ec     0x4  startup_stm32f401xe.o [1]
  .text              ro code   0x800'11f0     0x4  startup_stm32f401xe.o [1]
  .text              ro code   0x800'11f4     0x4  startup_stm32f401xe.o [1]
  .text              ro code   0x800'11f8     0x4  startup_stm32f401xe.o [1]
  .text              ro code   0x800'11fc     0x4  startup_stm32f401xe.o [1]
  .text              ro code   0x800'1200     0x4  startup_stm32f401xe.o [1]
  .text              ro code   0x800'1204     0x4  startup_stm32f401xe.o [1]
  .text              ro code   0x800'1208     0x4  startup_stm32f401xe.o [1]
  .text              ro code   0x800'120c     0x4  startup_stm32f401xe.o [1]
  .text              ro code   0x800'1210     0x4  startup_stm32f401xe.o [1]
  .text              ro code   0x800'1214     0x4  startup_stm32f401xe.o [1]
  .text              ro code   0x800'1218     0x4  startup_stm32f401xe.o [1]
  .text              ro code   0x800'121c     0x4  startup_stm32f401xe.o [1]
  .text              ro code   0x800'1220     0x4  startup_stm32f401xe.o [1]
  .text              ro code   0x800'1224     0x4  startup_stm32f401xe.o [1]
  .text              ro code   0x800'1228     0x4  startup_stm32f401xe.o [1]
  .text              ro code   0x800'122c     0x4  startup_stm32f401xe.o [1]
  .text              ro code   0x800'1230     0x4  startup_stm32f401xe.o [1]
  .text              ro code   0x800'1234     0x4  startup_stm32f401xe.o [1]
  .text              ro code   0x800'1238     0x4  startup_stm32f401xe.o [1]
  .text              ro code   0x800'123c     0x4  startup_stm32f401xe.o [1]
  .text              ro code   0x800'1240     0x4  startup_stm32f401xe.o [1]
  .text              ro code   0x800'1244     0x4  startup_stm32f401xe.o [1]
  .text              ro code   0x800'1248     0x4  startup_stm32f401xe.o [1]
  .text              ro code   0x800'124c     0x4  startup_stm32f401xe.o [1]
  .text              ro code   0x800'1250     0x4  startup_stm32f401xe.o [1]
  .text              ro code   0x800'1254     0x4  startup_stm32f401xe.o [1]
  .text              ro code   0x800'1258     0x4  startup_stm32f401xe.o [1]
  .text              ro code   0x800'125c     0x4  startup_stm32f401xe.o [1]
  .text              ro code   0x800'1260     0x4  startup_stm32f401xe.o [1]
  .text              ro code   0x800'1264     0x4  startup_stm32f401xe.o [1]
  .text              ro code   0x800'1268     0x4  startup_stm32f401xe.o [1]
  .text              ro code   0x800'126c     0x4  startup_stm32f401xe.o [1]
  .text              ro code   0x800'1270     0x4  startup_stm32f401xe.o [1]
  .text              ro code   0x800'1274     0x4  startup_stm32f401xe.o [1]
  .text              ro code   0x800'1278     0x4  startup_stm32f401xe.o [1]
  .text              ro code   0x800'127c     0x4  startup_stm32f401xe.o [1]
  .text              ro code   0x800'1280     0x4  startup_stm32f401xe.o [1]
  .text              ro code   0x800'1284     0x4  startup_stm32f401xe.o [1]
  .text              ro code   0x800'1288     0x4  startup_stm32f401xe.o [1]
  .text              ro code   0x800'128c     0x4  startup_stm32f401xe.o [1]
  .text              ro code   0x800'1290     0x4  startup_stm32f401xe.o [1]
  .text              ro code   0x800'1294     0x4  startup_stm32f401xe.o [1]
  .text              ro code   0x800'1298     0x4  startup_stm32f401xe.o [1]
  .text              ro code   0x800'129c     0x4  startup_stm32f401xe.o [1]
  .text              ro code   0x800'12a0     0x4  startup_stm32f401xe.o [1]
  .text              ro code   0x800'12a4     0x4  startup_stm32f401xe.o [1]
  .text              ro code   0x800'12a8     0x4  startup_stm32f401xe.o [1]
  .rodata            const     0x800'12ac     0x0  packbits_init_single.o [4]
  Initializer bytes  const     0x800'12ac     0xd  <for P2-1>
                             - 0x800'12b9  0x1125

"P2", part 1 of 2:                           0x4c
  P2-1                        0x2000'0000    0x4c  <Init block>
    .data            inited   0x2000'0000     0xc  stm32f4xx_hal.o [1]
    .data            inited   0x2000'000c     0x4  system_stm32f4xx.o [1]
    .bss             inited   0x2000'0010    0x3c  main.o [1]
                            - 0x2000'004c    0x4c

"P2", part 2 of 2:                          0x400
  CSTACK                      0x2000'0050   0x400  <Block>
    CSTACK           uninit   0x2000'0050   0x400  <Block tail>
                            - 0x2000'0450   0x400

Unused ranges:

         From           To      Size
         ----           --      ----
   0x800'12b9   0x807'ffff  0x7'ed47
  0x2000'004c  0x2000'004f       0x4
  0x2000'0450  0x2001'7fff  0x1'7bb0


*******************************************************************************
*** INIT TABLE
***

          Address      Size
          -------      ----
Copy/packbits (__iar_packbits_init_single3)
    1 source range, total size 0xd (17% of destination):
           0x800'12ac   0xd
    1 destination range, total size 0x4c:
          0x2000'0000  0x4c



*******************************************************************************
*** MODULE SUMMARY
***

    Module                  ro code  ro data  rw data
    ------                  -------  -------  -------
command line/config:
    -------------------------------------------------
    Total:

C:\Users\nicef\OneDrive\Documents\Personal\Schools\Niceforo\UW Certificate in Embedded\EMBSYS 100 B\M09\A08\LED PWM\LED PWM Example\EWARM\LED PWM Example\Obj: [1]
    main.o                      356       11       60
    startup_stm32f401xe.o       644
    stm32f4xx_hal.o             184        2       12
    stm32f4xx_hal_cortex.o      202
    stm32f4xx_hal_gpio.o        436
    stm32f4xx_hal_msp.o         232
    stm32f4xx_hal_rcc.o       1'104
    stm32f4xx_hal_tim.o         914
    stm32f4xx_hal_tim_ex.o       74
    stm32f4xx_it.o               30
    system_stm32f4xx.o           96                 4
    -------------------------------------------------
    Total:                    4'272       13       76

dl7M_tlf.a: [2]
    exit.o                        4
    low_level_init.o              4
    -------------------------------------------------
    Total:                        8

m7M_tls.a: [3]
    fpinit_M.o                   34
    -------------------------------------------------
    Total:                       34

rt7M_tl.a: [4]
    I64DivMod_small.o           262
    I64DivZer.o                   2
    cexit.o                      10
    cmain.o                      30
    cstartup_M.o                 12
    data_init.o                  40
    packbits_init_single.o       56
    -------------------------------------------------
    Total:                      412

shb_l.a: [5]
    exit.o                       20
    -------------------------------------------------
    Total:                       20

    Gaps                         16        2
    Linker created                        16    1'024
-----------------------------------------------------
    Grand Total:              4'762       31    1'100


*******************************************************************************
*** ENTRY LIST
***

Entry                       Address   Size  Type      Object
-----                       -------   ----  ----      ------
.iar.init_table$$Base    0x800'1128          --   Gb  - Linker created -
.iar.init_table$$Limit   0x800'1138          --   Gb  - Linker created -
?main                    0x800'1169         Code  Gb  cmain.o [4]
AHBPrescTable            0x800'1094   0x10  Data  Gb  system_stm32f4xx.o [1]
BusFault_Handler         0x800'113f    0x2  Code  Gb  stm32f4xx_it.o [1]
CSTACK$$Base            0x2000'0050          --   Gb  - Linker created -
CSTACK$$Limit           0x2000'0450          --   Gb  - Linker created -
DebugMon_Handler         0x800'1145    0x2  Code  Gb  stm32f4xx_it.o [1]
HAL_Delay                0x800'101d   0x28  Code  Wk  stm32f4xx_hal.o [1]
HAL_GPIO_Init            0x800'06dd  0x194  Code  Gb  stm32f4xx_hal_gpio.o [1]
HAL_GetTick              0x800'0b61    0xc  Code  Wk  stm32f4xx_hal.o [1]
HAL_IncTick              0x800'1159   0x10  Code  Wk  stm32f4xx_hal.o [1]
HAL_Init                 0x800'0f9d   0x30  Code  Gb  stm32f4xx_hal.o [1]
HAL_InitTick             0x800'0ced   0x40  Code  Wk  stm32f4xx_hal.o [1]
HAL_MspInit              0x800'0529   0x8e  Code  Gb  stm32f4xx_hal_msp.o [1]
HAL_NVIC_SetPriority     0x800'0645   0x3a  Code  Gb  stm32f4xx_hal_cortex.o [1]
HAL_NVIC_SetPriorityGrouping
                         0x800'062b   0x1a  Code  Gb  stm32f4xx_hal_cortex.o [1]
HAL_RCC_ClockConfig      0x800'0b6d   0xfe  Code  Gb  stm32f4xx_hal_rcc.o [1]
HAL_RCC_GetHCLKFreq      0x800'0c77    0x6  Code  Gb  stm32f4xx_hal_rcc.o [1]
HAL_RCC_OscConfig        0x800'0891  0x2d0  Code  Wk  stm32f4xx_hal_rcc.o [1]
HAL_SYSTICK_CLKSourceConfig
                         0x800'06a7   0x1a  Code  Gb  stm32f4xx_hal_cortex.o [1]
HAL_SYSTICK_Config       0x800'067f   0x28  Code  Gb  stm32f4xx_hal_cortex.o [1]
HAL_SYSTICK_IRQHandler   0x800'06d5    0x4  Code  Gb  stm32f4xx_hal_cortex.o [1]
HAL_TIMEx_MasterConfigSynchronization
                         0x800'0fd1   0x4a  Code  Gb  stm32f4xx_hal_tim_ex.o [1]
HAL_TIM_MspPostInit      0x800'05dd   0x2c  Code  Gb  stm32f4xx_hal_msp.o [1]
HAL_TIM_PWM_ConfigChannel
                         0x800'0259   0xbc  Code  Gb  stm32f4xx_hal_tim.o [1]
HAL_TIM_PWM_Init         0x800'01a9   0x1a  Code  Gb  stm32f4xx_hal_tim.o [1]
HAL_TIM_PWM_MspInit      0x800'05b7   0x26  Code  Gb  stm32f4xx_hal_msp.o [1]
HAL_TIM_PWM_Start        0x800'01c3    0x8  Code  Gb  stm32f4xx_hal_tim.o [1]
HardFault_Handler        0x800'113b    0x2  Code  Gb  stm32f4xx_it.o [1]
MemManage_Handler        0x800'113d    0x2  Code  Gb  stm32f4xx_it.o [1]
NMI_Handler              0x800'1139    0x2  Code  Gb  stm32f4xx_it.o [1]
NVIC_SetPriority         0x800'0611   0x1a  Code  Lc  stm32f4xx_hal_cortex.o [1]
PendSV_Handler           0x800'1147    0x2  Code  Gb  stm32f4xx_it.o [1]
Region$$Table$$Base      0x800'1128          --   Gb  - Linker created -
Region$$Table$$Limit     0x800'1138          --   Gb  - Linker created -
SVC_Handler              0x800'1143    0x2  Code  Gb  stm32f4xx_it.o [1]
SysTick_Handler          0x800'1149    0xe  Code  Gb  stm32f4xx_it.o [1]
SystemClock_Config       0x800'0ed3   0x90  Code  Gb  main.o [1]
SystemCoreClock         0x2000'000c    0x4  Data  Gb  system_stm32f4xx.o [1]
SystemInit               0x800'1045   0x3a  Code  Gb  system_stm32f4xx.o [1]
TIM_Base_SetConfig       0x800'0349   0x72  Code  Gb  stm32f4xx_hal_tim.o [1]
TIM_CCxChannelCmd        0x800'040f   0x14  Code  Gb  stm32f4xx_hal_tim.o [1]
TIM_OC1_SetConfig        0x800'0423   0x4a  Code  Lc  stm32f4xx_hal_tim.o [1]
TIM_OC2_SetConfig        0x800'03bd   0x52  Code  Gb  stm32f4xx_hal_tim.o [1]
TIM_OC3_SetConfig        0x800'046d   0x50  Code  Lc  stm32f4xx_hal_tim.o [1]
TIM_OC4_SetConfig        0x800'04bd   0x40  Code  Lc  stm32f4xx_hal_tim.o [1]
UsageFault_Handler       0x800'1141    0x2  Code  Gb  stm32f4xx_it.o [1]
__aeabi_ldiv0            0x800'0e35         Code  Gb  I64DivZer.o [4]
__cmain                  0x800'1169         Code  Gb  cmain.o [4]
__exit                   0x800'119d   0x14  Code  Gb  exit.o [5]
__iar_data_init3         0x800'10dd   0x28  Code  Gb  data_init.o [4]
__iar_init_vfp           0x800'1105         Code  Gb  fpinit_M.o [3]
__iar_packbits_init_single3
                         0x800'10a5   0x38  Code  Gb  packbits_init_single.o [4]
__iar_program_start      0x800'11c1         Code  Gb  cstartup_M.o [4]
__iar_small_uldivmod     0x800'0d2d         Code  Gb  I64DivMod_small.o [4]
__low_level_init         0x800'1187    0x4  Code  Gb  low_level_init.o [2]
__vector_table           0x800'0000         Data  Gb  startup_stm32f401xe.o [1]
_call_main               0x800'1175         Code  Gb  cmain.o [4]
_exit                    0x800'1191         Code  Gb  cexit.o [4]
_main                    0x800'1183         Code  Gb  cmain.o [4]
exit                     0x800'118b    0x4  Code  Gb  exit.o [2]
htim2                   0x2000'0010   0x3c  Data  Gb  main.o [1]
main                     0x800'0e39   0x9a  Code  Gb  main.o [1]
user_pwm_setvalue        0x800'0f63   0x2a  Code  Gb  main.o [1]
uwTick                  0x2000'0004    0x4  Data  Gb  stm32f4xx_hal.o [1]
uwTickFreq              0x2000'0000    0x1  Data  Gb  stm32f4xx_hal.o [1]
uwTickPrio              0x2000'0008    0x4  Data  Gb  stm32f4xx_hal.o [1]


[1] = C:\Users\nicef\OneDrive\Documents\Personal\Schools\Niceforo\UW Certificate in Embedded\EMBSYS 100 B\M09\A08\LED PWM\LED PWM Example\EWARM\LED PWM Example\Obj
[2] = dl7M_tlf.a
[3] = m7M_tls.a
[4] = rt7M_tl.a
[5] = shb_l.a

  4'762 bytes of readonly  code memory
     31 bytes of readonly  data memory
  1'100 bytes of readwrite data memory

Errors: none
Warnings: none
